// Jest Snapshot v1, https://goo.gl/fbAQLP

exports[`appErrors reducers mainModal/UPDATE_MAIN_MODAL 1`] = `
Object {
  "subtitle": "error: 404",
  "title": "Page not found",
  "type": "404",
}
`;
