// Jest Snapshot v1, https://goo.gl/fbAQLP

exports[`account  sidebar selector tests getAccountSidebarMenu should return menu 1`] = `
Object {
  "accountId": true,
}
`;
